2026-08-10 18:12:46,834 INFO logging to qwen_continuous_batch_debug.log
2026-08-10 18:12:47,302 INFO old prefill input_ids: (2, 5)
2026-08-10 18:12:47,302 INFO old prefill attention_mask: [[1, 1, 1, 1, 1], [0, 0, 0, 1, 1]]
2026-08-10 18:12:47,305 INFO [old prefill] decoder.0 input: (2, 5, 1024)
2026-08-10 18:12:47,305 INFO [old prefill] attention input: (2, 5, 1024), mask: (2, 1, 5, 5), cache_position: [0, 1, 2, 3, 4]
2026-08-10 18:12:47,306 INFO [old prefill] q_proj: (2, 5, 1024) -> (2, 5, 2048)
2026-08-10 18:12:47,306 INFO [old prefill] k_proj: (2, 5, 1024) -> (2, 5, 1024)
2026-08-10 18:12:47,306 INFO [old prefill] v_proj: (2, 5, 1024) -> (2, 5, 1024)
2026-08-10 18:12:47,388 INFO [old prefill] lm_head: (2, 1, 1024) -> (2, 1, 151936)
2026-08-10 18:12:47,388 INFO old prefill logits: (2, 1, 151936)
2026-08-10 18:12:47,388 INFO old prefill cache layer 0 K/V: (2, 8, 5, 128) (2, 8, 5, 128)
2026-08-10 18:12:47,388 INFO old prefill cache layer last K/V: (2, 8, 5, 128) (2, 8, 5, 128)
2026-08-10 18:12:47,392 INFO [old decode] decoder.0 input: (2, 1, 1024)
2026-08-10 18:12:47,393 INFO [old decode] attention input: (2, 1, 1024), mask: (2, 1, 1, 6), cache_position: [5]
2026-08-10 18:12:47,393 INFO [old decode] q_proj: (2, 1, 1024) -> (2, 1, 2048)
2026-08-10 18:12:47,393 INFO [old decode] k_proj: (2, 1, 1024) -> (2, 1, 1024)
2026-08-10 18:12:47,394 INFO [old decode] v_proj: (2, 1, 1024) -> (2, 1, 1024)
2026-08-10 18:12:47,462 INFO [old decode] lm_head: (2, 1, 1024) -> (2, 1, 151936)
2026-08-10 18:12:47,462 INFO old decode input_ids: (2, 1)
2026-08-10 18:12:47,462 INFO old decode attention_mask: (2, 6)
2026-08-10 18:12:47,463 INFO old decode cache layer 0 K/V: (2, 8, 6, 128) (2, 8, 6, 128)
2026-08-10 18:12:47,463 INFO old decode cache layer last K/V: (2, 8, 6, 128) (2, 8, 6, 128)
2026-08-10 18:12:47,463 INFO new prefill input_ids: (1, 2)
2026-08-10 18:12:47,463 INFO new prefill attention_mask: [[1, 1]]
2026-08-10 18:12:47,465 INFO [new prefill] decoder.0 input: (1, 2, 1024)
2026-08-10 18:12:47,466 INFO [new prefill] attention input: (1, 2, 1024), mask: (1, 1, 2, 2), cache_position: [0, 1]
2026-08-10 18:12:47,466 INFO [new prefill] q_proj: (1, 2, 1024) -> (1, 2, 2048)
2026-08-10 18:12:47,466 INFO [new prefill] k_proj: (1, 2, 1024) -> (1, 2, 1024)
2026-08-10 18:12:47,466 INFO [new prefill] v_proj: (1, 2, 1024) -> (1, 2, 1024)
2026-08-10 18:12:47,526 INFO [new prefill] lm_head: (1, 1, 1024) -> (1, 1, 151936)
2026-08-10 18:12:47,526 INFO new prefill logits: (1, 1, 151936)
2026-08-10 18:12:47,527 INFO new prefill cache layer 0 K/V: (1, 8, 2, 128) (1, 8, 2, 128)
2026-08-10 18:12:47,527 INFO new prefill cache layer last K/V: (1, 8, 2, 128) (1, 8, 2, 128)
2026-08-10 18:12:47,530 INFO [old standalone decode] decoder.0 input: (2, 1, 1024)
2026-08-10 18:12:47,530 INFO [old standalone decode] attention input: (2, 1, 1024), mask: (2, 1, 1, 7), cache_position: [6]
2026-08-10 18:12:47,530 INFO [old standalone decode] q_proj: (2, 1, 1024) -> (2, 1, 2048)
2026-08-10 18:12:47,531 INFO [old standalone decode] k_proj: (2, 1, 1024) -> (2, 1, 1024)
2026-08-10 18:12:47,531 INFO [old standalone decode] v_proj: (2, 1, 1024) -> (2, 1, 1024)
2026-08-10 18:12:47,591 INFO [old standalone decode] lm_head: (2, 1, 1024) -> (2, 1, 151936)
2026-08-10 18:12:47,596 INFO [new standalone decode] decoder.0 input: (1, 1, 1024)
2026-08-10 18:12:47,596 INFO [new standalone decode] attention input: (1, 1, 1024), mask: (1, 1, 1, 3), cache_position: [2]
2026-08-10 18:12:47,596 INFO [new standalone decode] q_proj: (1, 1, 1024) -> (1, 1, 2048)
2026-08-10 18:12:47,597 INFO [new standalone decode] k_proj: (1, 1, 1024) -> (1, 1, 1024)
2026-08-10 18:12:47,597 INFO [new standalone decode] v_proj: (1, 1, 1024) -> (1, 1, 1024)
2026-08-10 18:12:47,660 INFO [new standalone decode] lm_head: (1, 1, 1024) -> (1, 1, 151936)
2026-08-10 18:12:47,662 INFO merge KV cache along dim=0
2026-08-10 18:12:47,662 INFO   old layer 0 K: (2, 8, 6, 128)
2026-08-10 18:12:47,662 INFO   new layer 0 K: (1, 8, 2, 128)
2026-08-10 18:12:47,662 INFO   new layer 0 K after right padding: (1, 8, 6, 128)
2026-08-10 18:12:47,662 INFO   merged layer 0 K: (3, 8, 6, 128)
2026-08-10 18:12:47,662 INFO   merged past attention_mask: (3, 6)
2026-08-10 18:12:47,665 INFO [merged decode] decoder.0 input: (3, 1, 1024)
2026-08-10 18:12:47,665 INFO [merged decode] attention input: (3, 1, 1024), mask: (3, 1, 1, 7), cache_position: [6]
2026-08-10 18:12:47,665 INFO [merged decode] q_proj: (3, 1, 1024) -> (3, 1, 2048)
2026-08-10 18:12:47,665 INFO [merged decode] k_proj: (3, 1, 1024) -> (3, 1, 1024)
2026-08-10 18:12:47,666 INFO [merged decode] v_proj: (3, 1, 1024) -> (3, 1, 1024)
2026-08-10 18:12:47,728 INFO [merged decode] lm_head: (3, 1, 1024) -> (3, 1, 151936)
2026-08-10 18:12:47,728 INFO merge next token IDs along dim=0: (3, 1)
2026-08-10 18:12:47,728 INFO merged decode attention_mask: [[1, 1, 1, 1, 1, 1, 1], [0, 0, 0, 1, 1, 1, 1], [1, 1, 0, 0, 0, 0, 1]]
2026-08-10 18:12:47,728 INFO merged decode logits: (3, 1, 151936)
2026-08-10 18:12:47,728 INFO merged decode cache layer 0 K/V: (3, 8, 7, 128) (3, 8, 7, 128)
2026-08-10 18:12:47,728 INFO merged decode cache layer last K/V: (3, 8, 7, 128) (3, 8, 7, 128)
2026-08-10 18:12:47,730 INFO validation: merged decode logits match standalone decode logits
