[config] trace_dir=logs/qwen3_llama_batched_trace_mono_complete_v2 n_ctx=512 n_batch=512 n_ubatch=512 n_seq_max=5 n_embd=2048 n_head=16 n_head_kv=8 head_dim=128 n_layer=28 kv_unified=1 flash_attn=off cpu=1
[phase] 00_prefill_4 n_tokens=240
[batch] i=  0 seq=0 pos=  0 token=14076 output=0
[batch] i=  1 seq=0 pos=  1 token=7168 output=0
[batch] i=  2 seq=0 pos=  2 token=7822 output=0
[batch] i=  3 seq=0 pos=  3 token=81113 output=0
[batch] i=  4 seq=0 pos=  4 token=13 output=0
[batch] ...
[batch] i= 47 seq=0 pos= 47 token=7822 output=1
[batch] i=103 seq=1 pos= 55 token=3840 output=1
[batch] i=167 seq=2 pos= 63 token=87075 output=1
[batch] i=235 seq=3 pos= 67 token=702 output=0
[batch] i=236 seq=3 pos= 68 token=1181 output=0
[batch] i=237 seq=3 pos= 69 token=1828 output=0
[batch] i=238 seq=3 pos= 70 token=3840 output=0
[batch] i=239 seq=3 pos= 71 token=323 output=1
[tensor] graph_input_tokens             ggml=[240,1,1,1] type=i32 finite=240 zero=0 -inf=0 min=13 max=87075 mean=7930.9
[tensor] input_embedding_layer0_hidden  ggml=[2048,240,1,1] type=f32 finite=491520 zero=0 -inf=0 min=-0.12793 max=0.166016 mean=-0.000195428
[tensor] attention_norm_hidden_layer0   ggml=[2048,240,1,1] type=f32 finite=491520 zero=0 -inf=0 min=-1.52117 max=1.99067 mean=-0.0021399
[tensor] q_before_rope_layer0           ggml=[128,16,240,1] type=f32 finite=491520 zero=0 -inf=0 min=-24.4192 max=20.3454 mean=0.000635409
[tensor] position_ids_graph             ggml=[240,1,1,1] type=i32 finite=240 zero=4 -inf=0 min=0 max=71 mean=30.1667
[tensor] q_after_rope_layer0            ggml=[128,16,240,1] type=f32 finite=491520 zero=0 -inf=0 min=-24.4177 max=20.3467 mean=-0.000568521
[tensor] v_current_flat_layer0          ggml=[1024,240,1,1] type=f32 finite=245760 zero=0 -inf=0 min=-1.60602 max=0.93127 mean=0.000709227
[tensor] k_before_rope_layer0           ggml=[128,8,240,1] type=f32 finite=245760 zero=0 -inf=0 min=-345.517 max=335.116 mean=-0.00623829
[tensor] k_after_rope_layer0            ggml=[128,8,240,1] type=f32 finite=245760 zero=0 -inf=0 min=-345.519 max=335.116 mean=0.014717
[tensor] kv_slot_indices                ggml=[240,1,1,1] type=i64 finite=240 zero=1 -inf=0 min=0 max=239 mean=119.5
[tensor] physical_k_cache_after_write_layer0 ggml=[1024,512,1,1] type=f16 finite=524288 zero=278528 -inf=0 min=-345.5 max=335 mean=0.00689931
[kv-write] slots=0,1,2,3,4,5,6,7,...,231,232,233,234,235,236,237,238,239
[tensor] physical_v_cache_after_write_layer0 ggml=[1024,512,1,1] type=f16 finite=524288 zero=278528 -inf=0 min=-1.60645 max=0.931152 mean=0.000332276
[tensor] active_k_permuted_layer0       ggml=[128,256,8,1] type=f16 finite=262144 zero=16384 -inf=0 min=-345.5 max=335 mean=0.0137986
[tensor] attention_scores_layer0        ggml=[256,240,16,1] type=f32 finite=983040 zero=61440 -inf=0 min=-146.882 max=359.739 mean=62.8809
[tensor] attention_mask_layer0          ggml=[256,240,1,1] type=f32 finite=7480 zero=7480 -inf=53960 min=0 max=0 mean=0
[tensor] attention_probabilities_layer0 ggml=[256,240,16,1] type=f32 finite=983040 zero=863360 -inf=0 min=0 max=1 mean=0.00390625
[tensor] active_v_permuted_layer0       ggml=[256,128,8,1] type=f16 finite=262144 zero=16384 -inf=0 min=-1.60645 max=0.931152 mean=0.000664552
[tensor] attention_context_layer0       ggml=[128,240,16,1] type=f32 finite=491520 zero=0 -inf=0 min=-1.37269 max=0.928896 mean=0.000781494
[tensor] attention_merged_heads_layer0  ggml=[2048,240,1,1] type=f32 finite=491520 zero=0 -inf=0 min=-1.37269 max=0.928896 mean=0.000781494
[tensor] post_attention_hidden_layer0   ggml=[2048,240,1,1] type=f32 finite=491520 zero=0 -inf=0 min=-2.9254 max=5.76553 mean=0.0023491
[tensor] ffn_output_layer0              ggml=[2048,240,1,1] type=f32 finite=491520 zero=0 -inf=0 min=-3.33629 max=8.53566 mean=0.00327914
[tensor] decoder_output_hidden_layer0   ggml=[2048,240,1,1] type=f32 finite=491520 zero=0 -inf=0 min=-6.24334 max=13.9681 mean=0.00562824
[tensor] decoder_output_hidden_layer1   ggml=[2048,240,1,1] type=f32 finite=491520 zero=0 -inf=0 min=-49.5669 max=28.3561 mean=0.00708815
[tensor] decoder_output_hidden_layer2   ggml=[2048,240,1,1] type=f32 finite=491520 zero=0 -inf=0 min=-155.42 max=12906.1 mean=0.182673
[tensor] decoder_output_hidden_layer3   ggml=[2048,240,1,1] type=f32 finite=491520 zero=0 -inf=0 min=-154.915 max=12907.4 mean=0.180443
[tensor] decoder_output_hidden_layer4   ggml=[2048,240,1,1] type=f32 finite=491520 zero=0 -inf=0 min=-154.308 max=12907.9 mean=0.185371
[tensor] decoder_output_hidden_layer5   ggml=[2048,240,1,1] type=f32 finite=491520 zero=0 -inf=0 min=-152.562 max=12909.5 mean=0.18721
[tensor] decoder_output_hidden_layer6   ggml=[2048,240,1,1] type=f32 finite=491520 zero=0 -inf=0 min=-151.742 max=12912.7 mean=0.183426
[tensor] decoder_output_hidden_layer7   ggml=[2048,240,1,1] type=f32 finite=491520 zero=0 -inf=0 min=-150.446 max=12916 mean=0.183152
[tensor] decoder_output_hidden_layer8   ggml=[2048,240,1,1] type=f32 finite=491520 zero=0 -inf=0 min=-149.229 max=12918.9 mean=0.189479
[tensor] decoder_output_hidden_layer9   ggml=[2048,240,1,1] type=f32 finite=491520 zero=0 -inf=0 min=-147.815 max=12926.8 mean=0.200416
[tensor] decoder_output_hidden_layer10  ggml=[2048,240,1,1] type=f32 finite=491520 zero=0 -inf=0 min=-144.198 max=12931 mean=0.222806
[tensor] decoder_output_hidden_layer11  ggml=[2048,240,1,1] type=f32 finite=491520 zero=0 -inf=0 min=-142.725 max=12936.4 mean=0.235593
[tensor] decoder_output_hidden_layer12  ggml=[2048,240,1,1] type=f32 finite=491520 zero=0 -inf=0 min=-140.106 max=12941.9 mean=0.248593
[tensor] decoder_output_hidden_layer13  ggml=[2048,240,1,1] type=f32 finite=491520 zero=0 -inf=0 min=-137.594 max=12947.1 mean=0.237783
[tensor] decoder_output_hidden_layer14  ggml=[2048,240,1,1] type=f32 finite=491520 zero=0 -inf=0 min=-135.979 max=12951.6 mean=0.253905
[tensor] decoder_output_hidden_layer15  ggml=[2048,240,1,1] type=f32 finite=491520 zero=0 -inf=0 min=-133.861 max=12955.8 mean=0.258298
[tensor] decoder_output_hidden_layer16  ggml=[2048,240,1,1] type=f32 finite=491520 zero=0 -inf=0 min=-132.609 max=12963.3 mean=0.247383
[tensor] decoder_output_hidden_layer17  ggml=[2048,240,1,1] type=f32 finite=491520 zero=0 -inf=0 min=-127.976 max=12970.7 mean=0.325542
[tensor] decoder_output_hidden_layer18  ggml=[2048,240,1,1] type=f32 finite=491520 zero=0 -inf=0 min=-125.638 max=12987 mean=0.392242
[tensor] decoder_output_hidden_layer19  ggml=[2048,240,1,1] type=f32 finite=491520 zero=0 -inf=0 min=-124.853 max=13000.7 mean=0.349084
[tensor] decoder_output_hidden_layer20  ggml=[2048,240,1,1] type=f32 finite=491520 zero=0 -inf=0 min=-141.363 max=13028.3 mean=0.482794
[tensor] decoder_output_hidden_layer21  ggml=[2048,240,1,1] type=f32 finite=491520 zero=0 -inf=0 min=-186.109 max=13050.6 mean=0.694713
[tensor] decoder_output_hidden_layer22  ggml=[2048,240,1,1] type=f32 finite=491520 zero=0 -inf=0 min=-233.461 max=13074.9 mean=1.04031
[tensor] decoder_output_hidden_layer23  ggml=[2048,240,1,1] type=f32 finite=491520 zero=0 -inf=0 min=-257.464 max=13109.9 mean=1.26896
[tensor] decoder_output_hidden_layer24  ggml=[2048,240,1,1] type=f32 finite=491520 zero=0 -inf=0 min=-286.145 max=13146.1 mean=1.69525
[tensor] decoder_output_hidden_layer25  ggml=[2048,240,1,1] type=f32 finite=491520 zero=0 -inf=0 min=-312.298 max=13194.4 mean=2.16291
[tensor] decoder_output_hidden_layer26  ggml=[2048,240,1,1] type=f32 finite=491520 zero=0 -inf=0 min=-318.46 max=13154.7 mean=2.65934
[tensor] decoder_output_hidden_layer27  ggml=[2048,4,1,1] type=f32 finite=8192 zero=0 -inf=0 min=-571.468 max=1869.09 mean=0.973405
[tensor] decoder_output_hidden_last_layer ggml=[2048,4,1,1] type=f32 finite=8192 zero=0 -inf=0 min=-571.468 max=1869.09 mean=0.973405
[tensor] final_norm_hidden              ggml=[2048,4,1,1] type=f32 finite=8192 zero=0 -inf=0 min=-56.9567 max=37.179 mean=-0.0767938
[tensor] lm_head_logits                 ggml=[151936,4,1,1] type=f32 finite=607744 zero=0 -inf=0 min=-8.40247 max=31.0503 mean=3.56437
[memory] seq=0 pos_min=0 pos_max=47 logical_tokens=48
[memory] seq=1 pos_min=0 pos_max=55 logical_tokens=56
[memory] seq=2 pos_min=0 pos_max=63 logical_tokens=64
[memory] seq=3 pos_min=0 pos_max=71 logical_tokens=72
[memory] total_logical_tokens=240
[sample] seq=0 next_pos=48 token=81113 piece=' astronomy'
[sample] seq=1 next_pos=56 token=323 piece=' and'
[sample] seq=2 next_pos=64 token=13 piece='.'
[sample] seq=3 next_pos=72 token=2309 piece=' position'
[phase] 01_decode_4 n_tokens=4
[batch] i=  0 seq=0 pos= 48 token=81113 output=1
[batch] i=  1 seq=1 pos= 56 token=323 output=1
[batch] i=  2 seq=2 pos= 64 token=13 output=1
[batch] i=  3 seq=3 pos= 72 token=2309 output=1
[tensor] graph_input_tokens             ggml=[4,1,1,1] type=i32 finite=4 zero=0 -inf=0 min=13 max=81113 mean=20939.5
[tensor] input_embedding_layer0_hidden  ggml=[2048,4,1,1] type=f32 finite=8192 zero=0 -inf=0 min=-0.10791 max=0.107422 mean=-0.000234303
[tensor] attention_norm_hidden_layer0   ggml=[2048,4,1,1] type=f32 finite=8192 zero=0 -inf=0 min=-1.52117 max=0.868884 mean=-0.0021478
[tensor] q_before_rope_layer0           ggml=[128,16,4,1] type=f32 finite=8192 zero=0 -inf=0 min=-19.9207 max=18.6836 mean=0.00790546
[tensor] position_ids_graph             ggml=[4,1,1,1] type=i32 finite=4 zero=0 -inf=0 min=48 max=72 mean=60
[tensor] q_after_rope_layer0            ggml=[128,16,4,1] type=f32 finite=8192 zero=0 -inf=0 min=-19.8498 max=18.6656 mean=-0.0131227
[tensor] v_current_flat_layer0          ggml=[1024,4,1,1] type=f32 finite=4096 zero=0 -inf=0 min=-1.60602 max=0.93127 mean=0.00320477
[tensor] k_before_rope_layer0           ggml=[128,8,4,1] type=f32 finite=4096 zero=0 -inf=0 min=-345.517 max=335.116 mean=-0.0373361
[tensor] k_after_rope_layer0            ggml=[128,8,4,1] type=f32 finite=4096 zero=0 -inf=0 min=-345.519 max=335.116 mean=-0.0425377
[tensor] kv_slot_indices                ggml=[4,1,1,1] type=i64 finite=4 zero=0 -inf=0 min=240 max=243 mean=241.5
[tensor] physical_k_cache_after_write_layer0 ggml=[1024,512,1,1] type=f16 finite=524288 zero=274432 -inf=0 min=-345.5 max=335 mean=0.00656734
[kv-write] slots=240,241,242,243
[tensor] physical_v_cache_after_write_layer0 ggml=[1024,512,1,1] type=f16 finite=524288 zero=274432 -inf=0 min=-1.60645 max=0.931152 mean=0.000357301
[tensor] active_k_permuted_layer0       ggml=[128,256,8,1] type=f16 finite=262144 zero=12288 -inf=0 min=-345.5 max=335 mean=0.0131347
[tensor] attention_scores_layer0        ggml=[256,4,16,1] type=f32 finite=16384 zero=768 -inf=0 min=-104.014 max=359.729 mean=53.3927
[tensor] attention_mask_layer0          ggml=[256,4,1,1] type=f32 finite=244 zero=244 -inf=780 min=0 max=0 mean=0
[tensor] attention_probabilities_layer0 ggml=[256,4,16,1] type=f32 finite=16384 zero=12480 -inf=0 min=0 max=0.998619 mean=0.00390625
[tensor] active_v_permuted_layer0       ggml=[256,128,8,1] type=f16 finite=262144 zero=12288 -inf=0 min=-1.60645 max=0.931152 mean=0.000714602
[tensor] attention_context_layer0       ggml=[128,4,16,1] type=f32 finite=8192 zero=0 -inf=0 min=-1.36062 max=0.921834 mean=0.00143541
[tensor] attention_merged_heads_layer0  ggml=[2048,4,1,1] type=f32 finite=8192 zero=0 -inf=0 min=-1.36062 max=0.921834 mean=0.00143541
[tensor] post_attention_hidden_layer0   ggml=[2048,4,1,1] type=f32 finite=8192 zero=0 -inf=0 min=-2.88005 max=5.76526 mean=0.0038753
[tensor] ffn_output_layer0              ggml=[2048,4,1,1] type=f32 finite=8192 zero=0 -inf=0 min=-1.89066 max=3.27688 mean=0.00375635
[tensor] decoder_output_hidden_layer0   ggml=[2048,4,1,1] type=f32 finite=8192 zero=0 -inf=0 min=-4.77071 max=9.04215 mean=0.00763165
[tensor] decoder_output_hidden_layer1   ggml=[2048,4,1,1] type=f32 finite=8192 zero=0 -inf=0 min=-6.653 max=12.7824 mean=0.00929797
[tensor] decoder_output_hidden_layer2   ggml=[2048,4,1,1] type=f32 finite=8192 zero=0 -inf=0 min=-8.17808 max=13.5736 mean=0.00837706
[tensor] decoder_output_hidden_layer3   ggml=[2048,4,1,1] type=f32 finite=8192 zero=0 -inf=0 min=-11.2718 max=20.6237 mean=0.00408873
[tensor] decoder_output_hidden_layer4   ggml=[2048,4,1,1] type=f32 finite=8192 zero=0 -inf=0 min=-12.186 max=22.2414 mean=0.0123899
[tensor] decoder_output_hidden_layer5   ggml=[2048,4,1,1] type=f32 finite=8192 zero=0 -inf=0 min=-13.4255 max=25.3081 mean=0.0125694
[tensor] decoder_output_hidden_layer6   ggml=[2048,4,1,1] type=f32 finite=8192 zero=0 -inf=0 min=-14.4976 max=29.6989 mean=0.00989071
[tensor] decoder_output_hidden_layer7   ggml=[2048,4,1,1] type=f32 finite=8192 zero=0 -inf=0 min=-14.4108 max=25.8371 mean=0.00375849
[tensor] decoder_output_hidden_layer8   ggml=[2048,4,1,1] type=f32 finite=8192 zero=0 -inf=0 min=-16.7463 max=31.6228 mean=0.00647647
[tensor] decoder_output_hidden_layer9   ggml=[2048,4,1,1] type=f32 finite=8192 zero=0 -inf=0 min=-19.4922 max=41.0626 mean=0.0150104
[tensor] decoder_output_hidden_layer10  ggml=[2048,4,1,1] type=f32 finite=8192 zero=0 -inf=0 min=-25.8384 max=60.5657 mean=0.0292645
[tensor] decoder_output_hidden_layer11  ggml=[2048,4,1,1] type=f32 finite=8192 zero=0 -inf=0 min=-25.6594 max=67.5756 mean=0.0394199
[tensor] decoder_output_hidden_layer12  ggml=[2048,4,1,1] type=f32 finite=8192 zero=0 -inf=0 min=-29.3088 max=84.6539 mean=0.0604148
[tensor] decoder_output_hidden_layer13  ggml=[2048,4,1,1] type=f32 finite=8192 zero=0 -inf=0 min=-34.8629 max=97.963 mean=0.0540693
[tensor] decoder_output_hidden_layer14  ggml=[2048,4,1,1] type=f32 finite=8192 zero=0 -inf=0 min=-41.4747 max=115.652 mean=0.0714596
[tensor] decoder_output_hidden_layer15  ggml=[2048,4,1,1] type=f32 finite=8192 zero=0 -inf=0 min=-40.7537 max=124.894 mean=0.0577998
[tensor] decoder_output_hidden_layer16  ggml=[2048,4,1,1] type=f32 finite=8192 zero=0 -inf=0 min=-47.0037 max=143.456 mean=0.100766
[tensor] decoder_output_hidden_layer17  ggml=[2048,4,1,1] type=f32 finite=8192 zero=0 -inf=0 min=-65.5752 max=212.498 mean=0.155439
[tensor] decoder_output_hidden_layer18  ggml=[2048,4,1,1] type=f32 finite=8192 zero=0 -inf=0 min=-73.0132 max=256.652 mean=0.236626
[tensor] decoder_output_hidden_layer19  ggml=[2048,4,1,1] type=f32 finite=8192 zero=0 -inf=0 min=-98.9391 max=297.275 mean=0.147729
[tensor] decoder_output_hidden_layer20  ggml=[2048,4,1,1] type=f32 finite=8192 zero=0 -inf=0 min=-135.172 max=411.615 mean=0.321175
[tensor] decoder_output_hidden_layer21  ggml=[2048,4,1,1] type=f32 finite=8192 zero=0 -inf=0 min=-180.471 max=558.277 mean=0.600281
[tensor] decoder_output_hidden_layer22  ggml=[2048,4,1,1] type=f32 finite=8192 zero=0 -inf=0 min=-224.552 max=722.753 mean=1.06666
[tensor] decoder_output_hidden_layer23  ggml=[2048,4,1,1] type=f32 finite=8192 zero=0 -inf=0 min=-247.319 max=856.975 mean=1.33948
[tensor] decoder_output_hidden_layer24  ggml=[2048,4,1,1] type=f32 finite=8192 zero=0 -inf=0 min=-258.169 max=1152.12 mean=1.76107
[tensor] decoder_output_hidden_layer25  ggml=[2048,4,1,1] type=f32 finite=8192 zero=0 -inf=0 min=-287.179 max=1377.37 mean=2.15911
[tensor] decoder_output_hidden_layer26  ggml=[2048,4,1,1] type=f32 finite=8192 zero=0 -inf=0 min=-296.94 max=1991.53 mean=2.63639
[tensor] decoder_output_hidden_layer27  ggml=[2048,4,1,1] type=f32 finite=8192 zero=0 -inf=0 min=-543.003 max=1501.23 mean=0.766883
[tensor] decoder_output_hidden_last_layer ggml=[2048,4,1,1] type=f32 finite=8192 zero=0 -inf=0 min=-543.003 max=1501.23 mean=0.766883
[tensor] final_norm_hidden              ggml=[2048,4,1,1] type=f32 finite=8192 zero=0 -inf=0 min=-66.5285 max=41.7673 mean=-0.0796814
[tensor] lm_head_logits                 ggml=[151936,4,1,1] type=f32 finite=607744 zero=0 -inf=0 min=-11.2008 max=31.4912 mean=3.9778
[memory] seq=0 pos_min=0 pos_max=48 logical_tokens=49
[memory] seq=1 pos_min=0 pos_max=56 logical_tokens=57
[memory] seq=2 pos_min=0 pos_max=64 logical_tokens=65
[memory] seq=3 pos_min=0 pos_max=72 logical_tokens=73
[memory] total_logical_tokens=244
[sample] seq=0 next_pos=49 token=13 piece='.'
[sample] seq=1 next_pos=57 token=2309 piece=' position'
[sample] seq=2 next_pos=65 token=1096 piece=' This'
[sample] seq=3 next_pos=73 token=5546 piece=' counter'
[phase] 02_join_new_request n_tokens=24
[batch] i=  0 seq=0 pos= 49 token=13 output=1
[batch] i=  1 seq=1 pos= 57 token=2309 output=1
[batch] i=  2 seq=2 pos= 65 token=1096 output=1
[batch] i=  3 seq=3 pos= 73 token=5546 output=1
[batch] i=  4 seq=4 pos=  0 token=14076 output=0
[batch] i=  5 seq=4 pos=  1 token=3040 output=0
[batch] i=  6 seq=4 pos=  2 token=28682 output=0
[batch] i=  7 seq=4 pos=  3 token=2937 output=0
[batch] i=  8 seq=4 pos=  4 token=323 output=0
[batch] i=  9 seq=4 pos=  5 token=7822 output=0
[batch] i= 10 seq=4 pos=  6 token=4627 output=0
[batch] i= 11 seq=4 pos=  7 token=13 output=0
[batch] i= 12 seq=4 pos=  8 token=1096 output=0
[batch] i= 13 seq=4 pos=  9 token=1681 output=0
[batch] i= 14 seq=4 pos= 10 token=702 output=0
[batch] i= 15 seq=4 pos= 11 token=1181 output=0
[batch] i= 16 seq=4 pos= 12 token=1828 output=0
[batch] i= 17 seq=4 pos= 13 token=3840 output=0
[batch] i= 18 seq=4 pos= 14 token=323 output=0
[batch] i= 19 seq=4 pos= 15 token=2309 output=0
[batch] i= 20 seq=4 pos= 16 token=5546 output=0
[batch] i= 21 seq=4 pos= 17 token=13 output=0
[batch] i= 22 seq=4 pos= 18 token=28871 output=0
[batch] i= 23 seq=4 pos= 19 token=3040 output=1
[tensor] graph_input_tokens             ggml=[24,1,1,1] type=i32 finite=24 zero=0 -inf=0 min=13 max=28871 mean=5038.08
[tensor] input_embedding_layer0_hidden  ggml=[2048,24,1,1] type=f32 finite=49152 zero=0 -inf=0 min=-0.12793 max=0.125 mean=-0.000253068
[tensor] attention_norm_hidden_layer0   ggml=[2048,24,1,1] type=f32 finite=49152 zero=0 -inf=0 min=-1.62309 max=1.99067 mean=-0.00222693
[tensor] q_before_rope_layer0           ggml=[128,16,24,1] type=f32 finite=49152 zero=0 -inf=0 min=-24.4192 max=20.3454 mean=0.00111126
[tensor] position_ids_graph             ggml=[24,1,1,1] type=i32 finite=24 zero=1 -inf=0 min=0 max=73 mean=18.0833
[tensor] q_after_rope_layer0            ggml=[128,16,24,1] type=f32 finite=49152 zero=0 -inf=0 min=-24.4165 max=20.3464 mean=0.00147244
[tensor] v_current_flat_layer0          ggml=[1024,24,1,1] type=f32 finite=24576 zero=0 -inf=0 min=-1.60602 max=0.93127 mean=0.00153976
[tensor] k_before_rope_layer0           ggml=[128,8,24,1] type=f32 finite=24576 zero=0 -inf=0 min=-345.517 max=335.116 mean=0.00495139
[tensor] k_after_rope_layer0            ggml=[128,8,24,1] type=f32 finite=24576 zero=0 -inf=0 min=-345.519 max=335.116 mean=0.0494056
[tensor] kv_slot_indices                ggml=[24,1,1,1] type=i64 finite=24 zero=0 -inf=0 min=244 max=267 mean=255.5
[tensor] physical_k_cache_after_write_layer0 ggml=[1024,512,1,1] type=f16 finite=524288 zero=249856 -inf=0 min=-345.5 max=335 mean=0.008883
[kv-write] slots=244,245,246,247,248,249,250,251,...,259,260,261,262,263,264,265,266,267
[tensor] physical_v_cache_after_write_layer0 ggml=[1024,512,1,1] type=f16 finite=524288 zero=249856 -inf=0 min=-1.60645 max=0.931152 mean=0.000429462
[tensor] active_k_permuted_layer0       ggml=[128,512,8,1] type=f16 finite=524288 zero=249856 -inf=0 min=-345.5 max=335 mean=0.008883
[tensor] attention_scores_layer0        ggml=[512,24,16,1] type=f32 finite=196608 zero=93696 -inf=0 min=-100.603 max=359.729 mean=35.7913
[tensor] attention_mask_layer0          ggml=[512,24,1,1] type=f32 finite=458 zero=458 -inf=11830 min=0 max=0 mean=0
[tensor] attention_probabilities_layer0 ggml=[512,24,16,1] type=f32 finite=196608 zero=189280 -inf=0 min=0 max=1 mean=0.00195312
[tensor] active_v_permuted_layer0       ggml=[512,128,8,1] type=f16 finite=524288 zero=249856 -inf=0 min=-1.60645 max=0.931152 mean=0.000429462
[tensor] attention_context_layer0       ggml=[128,24,16,1] type=f32 finite=49152 zero=0 -inf=0 min=-1.55321 max=0.92648 mean=0.00110898
[tensor] attention_merged_heads_layer0  ggml=[2048,24,1,1] type=f32 finite=49152 zero=0 -inf=0 min=-1.55321 max=0.92648 mean=0.00110898
[tensor] post_attention_hidden_layer0   ggml=[2048,24,1,1] type=f32 finite=49152 zero=0 -inf=0 min=-2.92639 max=5.94222 mean=0.00120827
[tensor] ffn_output_layer0              ggml=[2048,24,1,1] type=f32 finite=49152 zero=0 -inf=0 min=-3.24695 max=6.58306 mean=0.00205132
[tensor] decoder_output_hidden_layer0   ggml=[2048,24,1,1] type=f32 finite=49152 zero=0 -inf=0 min=-6.10372 max=12.4228 mean=0.00325958
[tensor] decoder_output_hidden_layer1   ggml=[2048,24,1,1] type=f32 finite=49152 zero=0 -inf=0 min=-49.5669 max=28.3561 mean=0.00416107
[tensor] decoder_output_hidden_layer2   ggml=[2048,24,1,1] type=f32 finite=49152 zero=0 -inf=0 min=-155.42 max=12906.1 mean=0.447075
[tensor] decoder_output_hidden_layer3   ggml=[2048,24,1,1] type=f32 finite=49152 zero=0 -inf=0 min=-154.915 max=12907.4 mean=0.444102
[tensor] decoder_output_hidden_layer4   ggml=[2048,24,1,1] type=f32 finite=49152 zero=0 -inf=0 min=-154.308 max=12907.9 mean=0.450231
[tensor] decoder_output_hidden_layer5   ggml=[2048,24,1,1] type=f32 finite=49152 zero=0 -inf=0 min=-152.562 max=12909.5 mean=0.452481
[tensor] decoder_output_hidden_layer6   ggml=[2048,24,1,1] type=f32 finite=49152 zero=0 -inf=0 min=-151.742 max=12912.7 mean=0.44999
[tensor] decoder_output_hidden_layer7   ggml=[2048,24,1,1] type=f32 finite=49152 zero=0 -inf=0 min=-150.446 max=12916 mean=0.453225
[tensor] decoder_output_hidden_layer8   ggml=[2048,24,1,1] type=f32 finite=49152 zero=0 -inf=0 min=-149.229 max=12918.9 mean=0.459074
[tensor] decoder_output_hidden_layer9   ggml=[2048,24,1,1] type=f32 finite=49152 zero=0 -inf=0 min=-147.815 max=12926.8 mean=0.465762
[tensor] decoder_output_hidden_layer10  ggml=[2048,24,1,1] type=f32 finite=49152 zero=0 -inf=0 min=-144.198 max=12931 mean=0.483154
[tensor] decoder_output_hidden_layer11  ggml=[2048,24,1,1] type=f32 finite=49152 zero=0 -inf=0 min=-142.725 max=12936.4 mean=0.494822
[tensor] decoder_output_hidden_layer12  ggml=[2048,24,1,1] type=f32 finite=49152 zero=0 -inf=0 min=-140.106 max=12941.9 mean=0.506777
[tensor] decoder_output_hidden_layer13  ggml=[2048,24,1,1] type=f32 finite=49152 zero=0 -inf=0 min=-137.594 max=12947.1 mean=0.50224
[tensor] decoder_output_hidden_layer14  ggml=[2048,24,1,1] type=f32 finite=49152 zero=0 -inf=0 min=-135.979 max=12951.6 mean=0.526796
[tensor] decoder_output_hidden_layer15  ggml=[2048,24,1,1] type=f32 finite=49152 zero=0 -inf=0 min=-133.861 max=12955.8 mean=0.511473
[tensor] decoder_output_hidden_layer16  ggml=[2048,24,1,1] type=f32 finite=49152 zero=0 -inf=0 min=-132.609 max=12963.3 mean=0.521248
[tensor] decoder_output_hidden_layer17  ggml=[2048,24,1,1] type=f32 finite=49152 zero=0 -inf=0 min=-127.976 max=12970.7 mean=0.586148
[tensor] decoder_output_hidden_layer18  ggml=[2048,24,1,1] type=f32 finite=49152 zero=0 -inf=0 min=-125.638 max=12987 mean=0.644679
[tensor] decoder_output_hidden_layer19  ggml=[2048,24,1,1] type=f32 finite=49152 zero=0 -inf=0 min=-124.853 max=13000.7 mean=0.619689
[tensor] decoder_output_hidden_layer20  ggml=[2048,24,1,1] type=f32 finite=49152 zero=0 -inf=0 min=-138.388 max=13028.3 mean=0.764445
[tensor] decoder_output_hidden_layer21  ggml=[2048,24,1,1] type=f32 finite=49152 zero=0 -inf=0 min=-172.694 max=13050.6 mean=1.02023
[tensor] decoder_output_hidden_layer22  ggml=[2048,24,1,1] type=f32 finite=49152 zero=0 -inf=0 min=-211.156 max=13074.9 mean=1.28204
[tensor] decoder_output_hidden_layer23  ggml=[2048,24,1,1] type=f32 finite=49152 zero=0 -inf=0 min=-247.608 max=13109.9 mean=1.56285
[tensor] decoder_output_hidden_layer24  ggml=[2048,24,1,1] type=f32 finite=49152 zero=0 -inf=0 min=-281.263 max=13146.1 mean=1.9013
[tensor] decoder_output_hidden_layer25  ggml=[2048,24,1,1] type=f32 finite=49152 zero=0 -inf=0 min=-307.952 max=13194.4 mean=2.39653
[tensor] decoder_output_hidden_layer26  ggml=[2048,24,1,1] type=f32 finite=49152 zero=0 -inf=0 min=-311.99 max=13154.7 mean=2.79159
[tensor] decoder_output_hidden_layer27  ggml=[2048,5,1,1] type=f32 finite=10240 zero=0 -inf=0 min=-527.948 max=1932.34 mean=1.03414
[tensor] decoder_output_hidden_last_layer ggml=[2048,5,1,1] type=f32 finite=10240 zero=0 -inf=0 min=-527.948 max=1932.34 mean=1.03414
[tensor] final_norm_hidden              ggml=[2048,5,1,1] type=f32 finite=10240 zero=0 -inf=0 min=-51.4585 max=44.7355 mean=-0.070757
[tensor] lm_head_logits                 ggml=[151936,5,1,1] type=f32 finite=759680 zero=0 -inf=0 min=-11.2419 max=33.1938 mean=4.07192
[memory] seq=0 pos_min=0 pos_max=49 logical_tokens=50
[memory] seq=1 pos_min=0 pos_max=57 logical_tokens=58
[memory] seq=2 pos_min=0 pos_max=65 logical_tokens=66
[memory] seq=3 pos_min=0 pos_max=73 logical_tokens=74
[memory] seq=4 pos_min=0 pos_max=19 logical_tokens=20
[memory] total_logical_tokens=268
[sample] seq=0 next_pos=50 token=1096 piece=' This'
[sample] seq=1 next_pos=58 token=5546 piece=' counter'
[sample] seq=2 next_pos=66 token=1681 piece=' request'
[sample] seq=3 next_pos=74 token=13 piece='.'
[sample] seq=4 next_pos=20 token=28682 piece=' joins'
[phase] 03_decode_5 n_tokens=5
[batch] i=  0 seq=0 pos= 50 token=1096 output=1
[batch] i=  1 seq=1 pos= 58 token=5546 output=1
[batch] i=  2 seq=2 pos= 66 token=1681 output=1
[batch] i=  3 seq=3 pos= 74 token=13 output=1
[batch] i=  4 seq=4 pos= 20 token=28682 output=1
[tensor] graph_input_tokens             ggml=[5,1,1,1] type=i32 finite=5 zero=0 -inf=0 min=13 max=28682 mean=7403.6
[tensor] input_embedding_layer0_hidden  ggml=[2048,5,1,1] type=f32 finite=10240 zero=0 -inf=0 min=-0.10791 max=0.121094 mean=0.000106534
[tensor] attention_norm_hidden_layer0   ggml=[2048,5,1,1] type=f32 finite=10240 zero=0 -inf=0 min=-1.38911 max=1.54006 mean=-0.00130787
[tensor] q_before_rope_layer0           ggml=[128,16,5,1] type=f32 finite=10240 zero=0 -inf=0 min=-24.4192 max=19.9027 mean=-0.000471989
[tensor] position_ids_graph             ggml=[5,1,1,1] type=i32 finite=5 zero=0 -inf=0 min=20 max=74 mean=53.6
[tensor] q_after_rope_layer0            ggml=[128,16,5,1] type=f32 finite=10240 zero=0 -inf=0 min=-24.3771 max=19.9033 mean=-0.00058422
[tensor] v_current_flat_layer0          ggml=[1024,5,1,1] type=f32 finite=5120 zero=0 -inf=0 min=-1.32991 max=0.93127 mean=0.00371702
[tensor] k_before_rope_layer0           ggml=[128,8,5,1] type=f32 finite=5120 zero=0 -inf=0 min=-304.414 max=294.778 mean=0.0414156
[tensor] k_after_rope_layer0            ggml=[128,8,5,1] type=f32 finite=5120 zero=0 -inf=0 min=-304.415 max=294.779 mean=0.00560013
[tensor] kv_slot_indices                ggml=[5,1,1,1] type=i64 finite=5 zero=0 -inf=0 min=268 max=272 mean=270
[tensor] physical_k_cache_after_write_layer0 ggml=[1024,512,1,1] type=f16 finite=524288 zero=244736 -inf=0 min=-345.5 max=335 mean=0.00893733
[kv-write] slots=268,269,270,271,272
[tensor] physical_v_cache_after_write_layer0 ggml=[1024,512,1,1] type=f16 finite=524288 zero=244736 -inf=0 min=-1.60645 max=0.931152 mean=0.000465759
[tensor] active_k_permuted_layer0       ggml=[128,512,8,1] type=f16 finite=524288 zero=244736 -inf=0 min=-345.5 max=335 mean=0.00893733
[tensor] attention_scores_layer0        ggml=[512,5,16,1] type=f32 finite=40960 zero=19120 -inf=0 min=-121.356 max=359.727 mean=31.0641
[tensor] attention_mask_layer0          ggml=[512,5,1,1] type=f32 finite=273 zero=273 -inf=2287 min=0 max=0 mean=0
[tensor] attention_probabilities_layer0 ggml=[512,5,16,1] type=f32 finite=40960 zero=36592 -inf=0 min=0 max=0.999584 mean=0.00195312
[tensor] active_v_permuted_layer0       ggml=[512,128,8,1] type=f16 finite=524288 zero=244736 -inf=0 min=-1.60645 max=0.931152 mean=0.000465759
[tensor] attention_context_layer0       ggml=[128,5,16,1] type=f32 finite=10240 zero=0 -inf=0 min=-1.37069 max=0.916648 mean=0.00229824
[tensor] attention_merged_heads_layer0  ggml=[2048,5,1,1] type=f32 finite=10240 zero=0 -inf=0 min=-1.37069 max=0.916648 mean=0.00229824
[tensor] post_attention_hidden_layer0   ggml=[2048,5,1,1] type=f32 finite=10240 zero=0 -inf=0 min=-2.80165 max=5.72174 mean=0.00170841
[tensor] ffn_output_layer0              ggml=[2048,5,1,1] type=f32 finite=10240 zero=0 -inf=0 min=-2.22844 max=3.31414 mean=-0.000478915
[tensor] decoder_output_hidden_layer0   ggml=[2048,5,1,1] type=f32 finite=10240 zero=0 -inf=0 min=-5.03009 max=9.03588 mean=0.0012295
[tensor] decoder_output_hidden_layer1   ggml=[2048,5,1,1] type=f32 finite=10240 zero=0 -inf=0 min=-7.11413 max=12.7429 mean=-0.000460907
[tensor] decoder_output_hidden_layer2   ggml=[2048,5,1,1] type=f32 finite=10240 zero=0 -inf=0 min=-8.39686 max=12.5917 mean=-0.00306321
[tensor] decoder_output_hidden_layer3   ggml=[2048,5,1,1] type=f32 finite=10240 zero=0 -inf=0 min=-10.5986 max=20.041 mean=-0.00574673
[tensor] decoder_output_hidden_layer4   ggml=[2048,5,1,1] type=f32 finite=10240 zero=0 -inf=0 min=-12.4765 max=23.0354 mean=0.0021737
[tensor] decoder_output_hidden_layer5   ggml=[2048,5,1,1] type=f32 finite=10240 zero=0 -inf=0 min=-12.2273 max=26.6 mean=0.00360999
[tensor] decoder_output_hidden_layer6   ggml=[2048,5,1,1] type=f32 finite=10240 zero=0 -inf=0 min=-13.9862 max=28.6463 mean=-0.00467525
[tensor] decoder_output_hidden_layer7   ggml=[2048,5,1,1] type=f32 finite=10240 zero=0 -inf=0 min=-15.9949 max=27.4279 mean=-0.00692809
[tensor] decoder_output_hidden_layer8   ggml=[2048,5,1,1] type=f32 finite=10240 zero=0 -inf=0 min=-16.8485 max=30.8934 mean=0.00158037
[tensor] decoder_output_hidden_layer9   ggml=[2048,5,1,1] type=f32 finite=10240 zero=0 -inf=0 min=-18.9462 max=38.8064 mean=0.0132749
[tensor] decoder_output_hidden_layer10  ggml=[2048,5,1,1] type=f32 finite=10240 zero=0 -inf=0 min=-25.4738 max=55.8322 mean=0.0355752
[tensor] decoder_output_hidden_layer11  ggml=[2048,5,1,1] type=f32 finite=10240 zero=0 -inf=0 min=-28.0011 max=66.22 mean=0.0273786
[tensor] decoder_output_hidden_layer12  ggml=[2048,5,1,1] type=f32 finite=10240 zero=0 -inf=0 min=-29.1716 max=80.1562 mean=0.0349779
[tensor] decoder_output_hidden_layer13  ggml=[2048,5,1,1] type=f32 finite=10240 zero=0 -inf=0 min=-34.4801 max=92.4186 mean=0.0343509
[tensor] decoder_output_hidden_layer14  ggml=[2048,5,1,1] type=f32 finite=10240 zero=0 -inf=0 min=-41.0518 max=117.064 mean=0.0569165
[tensor] decoder_output_hidden_layer15  ggml=[2048,5,1,1] type=f32 finite=10240 zero=0 -inf=0 min=-43.2992 max=119.643 mean=0.0586852
[tensor] decoder_output_hidden_layer16  ggml=[2048,5,1,1] type=f32 finite=10240 zero=0 -inf=0 min=-53.133 max=129.063 mean=0.00626482
[tensor] decoder_output_hidden_layer17  ggml=[2048,5,1,1] type=f32 finite=10240 zero=0 -inf=0 min=-54.4774 max=207.811 mean=0.101436
[tensor] decoder_output_hidden_layer18  ggml=[2048,5,1,1] type=f32 finite=10240 zero=0 -inf=0 min=-65.434 max=283.349 mean=0.189585
[tensor] decoder_output_hidden_layer19  ggml=[2048,5,1,1] type=f32 finite=10240 zero=0 -inf=0 min=-88.5965 max=304.714 mean=0.156343
[tensor] decoder_output_hidden_layer20  ggml=[2048,5,1,1] type=f32 finite=10240 zero=0 -inf=0 min=-128.556 max=420.118 mean=0.322352
[tensor] decoder_output_hidden_layer21  ggml=[2048,5,1,1] type=f32 finite=10240 zero=0 -inf=0 min=-143.255 max=554.038 mean=0.5485
[tensor] decoder_output_hidden_layer22  ggml=[2048,5,1,1] type=f32 finite=10240 zero=0 -inf=0 min=-173.11 max=694.834 mean=0.950469
[tensor] decoder_output_hidden_layer23  ggml=[2048,5,1,1] type=f32 finite=10240 zero=0 -inf=0 min=-196.743 max=865.125 mean=1.23247
[tensor] decoder_output_hidden_layer24  ggml=[2048,5,1,1] type=f32 finite=10240 zero=0 -inf=0 min=-221.25 max=1170.26 mean=1.61487
[tensor] decoder_output_hidden_layer25  ggml=[2048,5,1,1] type=f32 finite=10240 zero=0 -inf=0 min=-242.418 max=1412.74 mean=2.25156
[tensor] decoder_output_hidden_layer26  ggml=[2048,5,1,1] type=f32 finite=10240 zero=0 -inf=0 min=-263.734 max=1961.8 mean=2.85344
[tensor] decoder_output_hidden_layer27  ggml=[2048,5,1,1] type=f32 finite=10240 zero=0 -inf=0 min=-492.991 max=1822.11 mean=1.13046
[tensor] decoder_output_hidden_last_layer ggml=[2048,5,1,1] type=f32 finite=10240 zero=0 -inf=0 min=-492.991 max=1822.11 mean=1.13046
[tensor] final_norm_hidden              ggml=[2048,5,1,1] type=f32 finite=10240 zero=0 -inf=0 min=-55.0761 max=39.5263 mean=-0.0660472
[tensor] lm_head_logits                 ggml=[151936,5,1,1] type=f32 finite=759680 zero=0 -inf=0 min=-12.1202 max=35.5606 mean=3.5864
[memory] seq=0 pos_min=0 pos_max=50 logical_tokens=51
[memory] seq=1 pos_min=0 pos_max=58 logical_tokens=59
[memory] seq=2 pos_min=0 pos_max=66 logical_tokens=67
[memory] seq=3 pos_min=0 pos_max=74 logical_tokens=75
[memory] seq=4 pos_min=0 pos_max=20 logical_tokens=21
[memory] total_logical_tokens=273
[sample] seq=0 next_pos=51 token=1681 piece=' request'
[sample] seq=1 next_pos=59 token=13 piece='.'
[sample] seq=2 next_pos=67 token=702 piece=' has'
[sample] seq=3 next_pos=75 token=28871 piece=' Sequence'
[sample] seq=4 next_pos=21 token=2937 piece=' later'
[done] trace completed
